# fullcat rafale 1 — lane 6 — 25 fiches CNIL-confirmées
date: 2026-08-21 02:20 UTC | branche: fiche/rafale1-l6 (depuis main 9da77f2) | pool: /tmp/cnil-slice-6.txt (40 lignes)

## Méthode
- Pool = descripteurs de la liste officielle CNIL « Les sanctions prononcées par la CNIL » (https://www.cnil.fr/fr/les-sanctions-prononcees-par-la-cnil, HTTP 200, parsée localement, rapprochement strict accents/casse normalisés).
- Fenêtres des communiqués officiels vérifiées (dates + montants cumulés) : quinze=12/03/2024 (janv-mars 2024, 98 500 €) ; onze=08/10/2024 (depuis juin 2024, 129 000 €) ; dix=22/05/2025 (janv-avr 2025, 104 000 €) ; seize=13/10/2025 (depuis mai 2025, 108 000 €) ; bilan 2024=05/02/2025 (41 sanctions simplifiées, 715 500 €) ; bilan 2025=09/02/2026 (42 sanctions simplifiées) ; vingt-trois=06/07/2026 (janv-juin 2026, 133 750 €).
- Entités nommées identifiées uniquement via sources officielles : Cosmospace (communiqué CNIL voyance 10/10/2024), Yahoo EMEA Limited (délibération SAN-2023-024 du 29/12/2023, rendue publique 18/01/2024), Cegedim Santé (communiqué CNIL 12/09/2024 ; confirmation Conseil d'État n° 498628 du 13/02/2026). Fiche Cegedim distincte de cegedim-sante-20260226 (fuite DumpSec 2026 — événement différent).
- Lignes pool NON retenues : L08 (grand magasin 100 k€ 18/09/2025, non identifiée) ; L09/L10 (énergie 600 k€/1 M€ 2022, non identifiées) ; L14 (2012, pré-2019 hors périmètre) ; L15/L16 du 15/05/2025 (liquidation d'astreinte 4 000 € = suite de l'injonction du 05/12/2024, doublon logique — même exclusion que la lane 0) ; L17 (paiements 105 k€ 12/2023, non identifiée) ; L21 (courtier en données 80 k€ 05/05/2025, non identifiée) ; L24/L25 (GERS/Santestat 200 k€/800 k€ du 28/08/2024, identifiées via CE 498628 mais hors quota — candidates rafale suivante) ; L29 (hôtellerie 600 k€ 08/2022, non identifiée) ; L33 (2015) ; L34 (plateformes contenus 5 M€ 12/2022, non identifiée) ; L36 (15/04/2022 = Dedalus déjà consommée dans dedalus-20210214 selon log L3 ; 03/06/2021 10 k€ non identifiée) ; L37-L40 (2020-2021 non identifiées, L40b 2011 pré-2019).
- DEDUP : ls data/catalog main (264 fiches) — zéro collision de slug/entité/décision. Contrôle croisé PR L5 (#22, 25 slugs) — intersection vide. L12 = deux décisions distinctes le même jour (15 000 € et 10 000 €) → deux fiches, la seconde suffixée « -2 ».

## Fiches (25)
| # | slug | décision | sanction | sources officielles | presse |
|---|------|----------|----------|---------------------|--------|
| 1 | cegedim-sante-20240905 | 2024-09-05 | Amende de 800 000 euros | liste + 2 | 0 |
| 2 | cosmospace-20240926 | 2024-09-26 | Amende de 250 000 euros | liste + 2 | 0 |
| 3 | societe-activite-hospitaliere-but-lucratif-mco-20250605 | 2025-06-05 | Amende de 5 000 euros | liste + 2 | 0 |
| 4 | societe-campagnes-publicitaires-20241205 | 2024-12-05 | Amende de 20 000 euros | liste + 1 | 0 |
| 5 | societe-casino-hotel-20240912 | 2024-09-12 | Amende de 12 000 euros | liste + 2 | 0 |
| 6 | societe-conseil-systemes-logiciels-informatiques-20240926 | 2024-09-26 | Amende de 15 000 euros et injonction | liste + 2 | 0 |
| 7 | societe-distribution-dominante-alimentaire-20251113 | 2025-11-13 | Amende de 20 000 euros | liste + 1 | 0 |
| 8 | societe-exploitant-portails-internet-20241212 | 2024-12-12 | Amende de 20 000 euros et injonction | liste + 1 | 0 |
| 9 | societe-exploitant-supermarches-20241226 | 2024-12-26 | Amende de 18 000 euros | liste + 1 | 0 |
| 10 | societe-fabrication-pose-clotures-20240905 | 2024-09-05 | Amende de 10 000 euros et injonction | liste + 2 | 0 |
| 11 | societe-gestion-immobiliere-contenus-journalistiques-20240627 | 2024-06-27 | Amende de 12 000 euros | liste + 2 | 0 |
| 12 | societe-hebergement-tourisme-20260326 | 2026-03-26 | Amende de 3 000 euros | liste + 1 | 0 |
| 13 | societe-isolation-renovation-energetique-chauffage-20250109 | 2025-01-09 | Amende de 15 000 euros et injonction | liste + 2 | 0 |
| 14 | societe-magasins-chaussures-habillement-sport-20240425 | 2024-04-25 | Amende de 15 000 euros | liste + 1 | 0 |
| 15 | societe-plateforme-appels-secretariat-20240523 | 2024-05-23 | Amende de 15 000 euros | liste + 1 | 0 |
| 16 | societe-plateforme-appels-secretariat-2-20240523 | 2024-05-23 | Amende de 10 000 euros | liste + 1 | 0 |
| 17 | societe-prestations-securite-privee-20241205 | 2024-12-05 | Amende de 20 000 euros et injonction | liste + 1 | 0 |
| 18 | societe-produits-cosmetiques-20241205 | 2024-12-05 | Amende de 3 000 euros | liste + 1 | 0 |
| 19 | societe-robot-conversationnel-ia-20241231 | 2024-12-31 | Amende de 5 000 euros | liste + 1 | 0 |
| 20 | societe-salle-de-sport-20241219 | 2024-12-19 | Amende de 3 000 euros | liste + 1 | 0 |
| 21 | societe-secteur-portails-internet-20241219 | 2024-12-19 | Amende de 5 000 euros | liste + 1 | 0 |
| 22 | societe-superettes-20250403 | 2025-04-03 | Amende de 5 000 euros et injonction | liste + 2 | 0 |
| 23 | societe-vente-a-distance-catalogue-specialise-20251016 | 2025-10-16 | Amende de 3 000 euros | liste + 1 | 0 |
| 24 | societe-vente-a-distance-catalogue-specialise-20260312 | 2026-03-12 | Amende de 5 000 euros | liste + 1 | 0 |
| 25 | yahoo-emea-20231229 | 2023-12-29 | Amende de 10 millions d'euros | liste + 1 | 2 |

Répartition : 2026×3, 2025×6, 2024×15, 2023×1.

## Vérifications
- zod (vitest, worktree, node_modules du repo principal) : tests/pr-fiches.test.ts → 289 passed (264 existantes + 25 nouvelles).
- suite complète : npx vitest run → 29 fichiers / 651 passed.
- URLs sources (curl, toutes 200) :
  200 https://www.cnil.fr/fr/les-sanctions-prononcees-par-la-cnil
  200 https://www.cnil.fr/fr/onze-nouvelles-sanctions-procedure-simplifiee
  200 https://www.cnil.fr/fr/dix-nouvelles-sanctions-2025-procedure-simplifiee
  200 https://www.cnil.fr/fr/la-cnil-prononce-16-nouvelles-sanctions-dans-le-cadre-de-la-procedure-simplifiee
  200 https://www.cnil.fr/fr/sanctions-et-mesures-correctrices-bilan-2024-de-laction-de-la-cnil
  200 https://www.cnil.fr/fr/bilan-sanctions-2025
  200 https://www.cnil.fr/fr/23-nouvelles-sanctions-simplifiees
  200 https://www.cnil.fr/fr/voyance-en-ligne-sanctions-de-250-000-et-150-000-euros-cosmospace-telemaque
  200 https://www.cnil.fr/fr/donnees-de-sante-sanction-de-800-000-euros-societe-cegedim-sante
  200 https://www.conseil-etat.fr/fr/arianeweb/CE/decision/2026-02-13/498628
  200 https://droitdu.net/2024/02/cookies-la-cnil-sanctionne-yahoo-dune-amende-de-10-millions-deuros/
  200 https://armingaud-avocat.fr/SiteMap/2-Case-Law/Sanctions-CNIL/CNIL---Délibération-de-la-formation-restreinte-n°SAN-2023-024-... (URL encodée complète dans la fiche)
- URL écartée (non 2xx) : reuters.com (401, protection bot) → remplacée par droitdu.net (200).
- Bornes Ton A : 25/25 descriptions ≤ 120 mots (max constaté 88) ; timeline ≤ 40 mots/événement (max constaté 19).
- Zéro invention : volumes non chiffrés → count 0 + label honnête ; seuls chiffrés retenus : Cosmospace > 1,5 M personnes (communiqué CNIL) ; data_types limités aux catégories explicites (coordonnees pour prospection, sante pour données de santé, autre sinon).

## Non-fusion
PR ouverte, JAMAIS mergée par la lane — chaîne d'intégrité + merge unique en Vague C.
