# fullcat rafale 2 — lane 0 — fiches CNIL-confirmées (pool /tmp/cnil2-slice-0.txt)
date: 2026-08-21 09:25 UTC | branche: fiche/rafale2-l0 | base main 2eea8cc (420 fiches)
worktree: /var/folders/1s/l8h5vn997437p2zwl835gkw80000gn/T/opencode/fp-r2l0 (supprimé en fin de run)

## Méthode
- Pool = 24 lignes, intitulés verbatim de la colonne « Type d'organisme » du
  tableau officiel CNIL « Les sanctions prononcées par la CNIL »
  (https://www.cnil.fr/fr/les-sanctions-prononcees-par-la-cnil, HTTP 200,
  parsée localement : 412 lignes).
- Appariement normalisé (accents/casse/typos CNIL : « DEFENSE » vs « DÉFENSE »
  préservés) ligne → décisions. DEDUP ls data/catalog (420 fiches) :
  - 15 lignes déjà couvertes par la rafale 1 L0 (décision identique) → skip.
  - 9 décisions non couvertes → 8 fiches + 1 écartée (Relaxe, voir skips).
- Découverte clé : le tableau actuel CNIL ne porte plus le type de sanction
  pour les décisions 2011-2017 (la colonne « Décision » répète les
  manquements). La version archivée du 22/11/2018 de la même liste officielle
  (web.archive.org) restitue les décisions réelles et montants → source
  « archive » citée sur les 6 fiches anciennes (complément, pas conflit).
- Vérification croisée avocats 2024 : communiqué CNIL du 12/03/2024 (« quinze
  sanctions simplifiées depuis janvier 2024, 98 500 € ») — fenêtre couvre les
  deux décisions de janvier ; manquements cités (coopération, effacement)
  conformes aux lignes du tableau. Presse indépendante : Next (13/03/2024).
- Zéro identification déductive : entités anciennes non nommées dans les
  sources consultées → fiches anonymisées ; volumes non précisés → count 0.

## Fiches (8)
| # | slug | décision | sanction | sources | presse |
|---|------|----------|----------|---------|--------|
| 1 | administration-20130516 | 16/05/2013 | Avertissement non public | liste + archive 2018 | 0 |
| 2 | ambulanciers-20131212 | 12/12/2013 | Sanction pécuniaire 10 000 € | liste + archive 2018 | 0 |
| 3 | association-conseils-juridiques-20140129 | 29/01/2014 | Sanction pécuniaire 10 000 € | liste + archive 2018 | 0 |
| 4 | association-organisation-professionnelle-20140129 | 29/01/2014 | Sanction pécuniaire 1 € | liste + archive 2018 | 0 |
| 5 | association-utilite-publique-20140717 | 17/07/2014 | Sanction pécuniaire 3 000 € | liste + archive 2018 | 0 |
| 6 | cabinet-medical-20170518 | 18/05/2017 | Sanction pécuniaire (montant non publié) | liste + archive 2018 | 0 |
| 7 | avocat-20240115 | 15/01/2024 | Amende 5 000 € (PS) | liste + communiqué | Next |
| 8 | avocat-20240122 | 22/01/2024 | Amende 500 € (PS) | liste + communiqué | Next |
PS = procédure simplifiée (dénomination non publiable).

## Skips documentés (16 des 24 lignes du pool)
- 15 lignes déjà fichées rafale 1 L0 (agence-communication-audiovisuelle,
  armurerie, association-politique, -action-sociale, -soins-dentaires,
  -droits-fondamentaux [25/08/2025], -lycee-internat,
  -organisations-politiques [25/04/2024], -commune, avocat [17/07/2025],
  boulangerie, cabinet-avocats, candidat-parlement-europeen-2024,
  candidat-legislatives-2024, candidats-legislatives, centre-appel) →
  DEDUP stricte, aucune double saisie.
- L01 ADMINISTRATION 25/07/2013 = RELAXE (archive 2018) → inapte à une fiche
  « confirmée » (précédent rafale 1 L1 : non-lieu groupe de presse 2018).
- Suivis d'injonctions déjà fichées, non retenus (précédent rafale 1 L0 L17) :
  assoc. défense droits fondamentaux 05/03/2026
  (liquidation d'astreinte 5 100 €, suite 25/08/2025), assoc. organisations
  politiques 23/10/2024 (liquidation 4 000 €, suite 25/04/2024), avocat
  05/02/2026 (liquidation 1 000 €, suite injonction 2025). L11/L12 = même
  entité, typo d'accents dans le tableau CNIL.
- L22 CANDIDAT LEGISLATIVES 2024 : 3 décisions jumelles du 11/12/2025
  (2 500 + 5 000 + 2 500 €) — slug déjà pris par la fiche rafale 1
  (5 500 €, communiqué 5 candidats = 23 500 €) ; couvertes narrativement,
  à saisir nommées si la CNIL publie un jour.

## Sources — curl toutes HTTP 200 (UA navigateur, 2026-08-21)
  200 cnil.fr/fr/les-sanctions-prononcees-par-la-cnil           (tableau, 412 lignes)
  200 cnil.fr/fr/la-cnil-prononce-quinze-nouvelles-sanctions-... (communiqué 12/03/2024)
  200 next.ink/brief-article/la-cnil-accelere-avec-sa-procedure-...
  200 web.archive.org/web/20181122143420/cnil.fr/fr/les-sanctions-...
  Exclus : rapports annuels 34e/35e/38e aux URLs pattern moderne (404) ;
  presse introuvable pour les 6 décisions anciennes anonymisées (0 article).

## Validation zod (transcript, worktree)
  $ npx vitest run tests/rafale2-l0.temp.test.ts   (temporaire, supprimé)
    → Test Files 1 passed | Tests 7/7 passed
      8 fichiers présents ; 0 chevauchement main (420) ; catalogue = 428 ;
      8 × ficheSchema zod OK ; suffixe slug = date décision ; statut
      confirmée ×8 ; source cnil.fr officiel ×8 ; descriptions 80-120 mots ;
      événements ≤ 40 mots ; slugs uniques intra-lane.
  $ npx vitest run tests/pr-fiches.test.ts tests/content-schema.test.ts
    → Test Files 2 passed | Tests 430/430 passed
  $ npx astro build → 899 page(s) built in 2.26s
    (dist/fiche/ : les 8 nouvelles pages présentes)

## Livraison
  commit « feat(catalog): rafale 2 — CNIL L0 » — data/catalog/ ×8 + ce log.
  PR « Rafale 2 L0 — fiches CNIL » (créée après commit) —
  ⛔ NE PAS MERGER — chaîne d'abord (l'orchestrateur chaîne les lanes).
  JAMAIS merge par la lane. Aucun post social (règle respectée).

## Risques résiduels
  1. 6 fiches anciennes (2013-2017) à entité anonymisée, presse introuvable
     → 2 sources (tableau vivant + archive 2018 de cnil.fr), pas plus.
  2. Tableau vivant vs archive 2018 : pour les lignes anciennes, la colonne
     « Décision » du tableau vivant ne porte plus la sanction (dérive de
     schéma CNIL) ; les fiches retiennent la version 2018 (explicite).
  3. administration-20130516 = avertissement non public (pas d'amende) :
     retenue comme sanction prononcée (précédent : rappel à l'ordre
     chirurgien-dentiste-20251230) — à retirer si l'orchestrateur borne
     le catalogue aux seules sanctions pécuniaires/injonctions.
  4. cabinet-medical-20170518 : montant de la sanction publié nulle part.
  5. Liquidations d'astreinte et candidats jumeaux (skips) : à traiter par
     l'orchestrateur si le catalogue doit couvrir chaque décision atomique.
