# fullcat rafale 1 — lane 5 — 25 fiches CNIL-confirmées
date: 2026-08-21 02:20 UTC | branche: fiche/rafale1-l5 | pool: /tmp/cnil-slice-5.txt lignes 1-40

## Méthode
- Pool = descripteurs de la liste officielle CNIL « Les sanctions prononcées par la CNIL » (https://www.cnil.fr/fr/les-sanctions-prononcees-par-la-cnil, HTTP 200, parsée localement, 411 lignes de tableau).
- Chaque ligne du pool rapprochée de sa décision (date, manquements, sanction) par correspondance exacte du descripteur normalisé sur le tableau officiel.
- Sources par fiche : liste officielle CNIL (kind officiel) + communiqué/bilan CNIL dédié quand la fenêtre temporelle correspond — onze sanctions (depuis juin 2024, 129 000 € cumulés), dix sanctions 2025 (depuis janvier 2025, 104 000 €), seize sanctions (depuis mai 2025, 108 000 €), bilans 2024/2025, communiqué « transmission de données à un réseau social » (3,5 M€, 30/12/2025, 16 homologues européens).
- Lignes pool NON retenues : L03 (relaxe 20/11/2014, hors périmètre) ; L05 (décision du 22/06/2012, ancienne) ; L08 « cartes de paiement à débit différé » 27/11/2025 1 500 000 € → DEDUP : décision déjà couverte sur main par data/catalog/american-express-carte-france-20251127.json (backfill-2025-t3, communiqué SAN-2025-011) ; L17b (liquidation d'astreinte 26/03/2026, même descripteur : entité impossible à confirder, non rattachée) ; L18b (2e décision 29/12/2025 même descripteur, 7 000 € + injonction : entité distincte non rattachable) ; L29-L40 non traitées (quota de 25 atteint après L28 ; L29 = NEXPUBLICA déjà sur main : nexpublica-france-20251222.json).
- Décisions 2022/2023 à entités par ailleurs connues (voix sur IP 10/11/2022 ; chaînes TV payantes 12/10/2023 ; site santé 11/05/2023) : fiches maintenues anonymes car le tableau officiel actuel de la CNIL retire l'identification à l'issue du délai fixé par chaque décision (communiqués dédiés redirigés vers des pages génériques) — entité libellée « dénomination retirée de la publication à l'issue du délai fixé par la décision ».
- DEDUP : ls data/catalog main (264) + branches fiche/rafale1-l0/l1/l2/l3 (347 slugs cumulés) — zéro collision de slug ; contrôle par date de décision contre les fiches nommées de main (shadow-20231012 = incident distinct ; grenoble-em/iut-lille/fff/conde-nast/suzuki/mobius 2025 = décisions distinctes).

## Fiches (25)
| # | slug | décision | sanction | sources officielles | presse |
|---|------|----------|----------|---------------------|--------|
| 1 | societe-developpant-un-logiciel-de-voix-sur-ip-et-une-messagerie-instantanee-20221110 | 2022-11-10 | Amende de 800 000 euros | liste + 0 | 0 |
| 2 | societe-diffusant-des-contenus-journalistiques-20240610 | 2024-06-10 | Amende de 3 000 euros et injonction | liste + 1 (onze sanctions) | 0 |
| 3 | societe-du-secteur-tertiaire-20251230 | 2025-12-30 | Amende administrative de 3 500 000 euros | liste + 1 (communiqué transmission) | 0 |
| 4 | societe-editant-des-chaines-et-distribuant-des-offres-de-television-payantes-20231012 | 2023-10-12 | Amende de 600 000 euros | liste + 0 | 0 |
| 5 | societe-editant-des-logiciels-outils-de-developpement-et-de-langages-20241212 | 2024-12-12 | Amende administrative de 20 000 euros et injonction | liste + 1 (bilan 2024) | 0 |
| 6 | societe-editant-un-site-de-jeux-dematerialises-20241219 | 2024-12-19 | Amende administrative de 15 000 euros | liste + 1 (bilan 2024) | 0 |
| 7 | societe-editant-un-site-internet-proposant-des-articles-tests-quiz-et-forums-de-discussion-en-lien-avec-la-sante-et-le-bien-etre-20230511 | 2023-05-11 | Amende de 380 000 euros | liste + 0 | 0 |
| 8 | societe-editant-un-site-web-de-rencontres-destine-aux-personnes-partageant-des-convictions-politiques-similaires-20250430 | 2025-04-30 | Amende administrative de 20 000 euros | liste + 1 (dix sanctions 2025) | 0 |
| 9 | societe-editant-une-application-mobile-20251229 | 2025-12-29 | Amende administrative de 270 000 euros | liste + 1 (bilan 2025) | 0 |
| 10 | societe-exercant-des-activites-de-societes-de-holding-et-developpant-des-solutions-en-ressources-humaines-20251120 | 2025-11-20 | Amende administrative de 10 000 euros | liste + 1 (bilan 2025) | 0 |
| 11 | societe-exercant-l-activite-de-portails-internet-permettant-d-acceder-aux-informations-legales-et-financieres-des-entreprises-20251113 | 2025-11-13 | Amende administrative de 5 000 euros | liste + 1 (bilan 2025) | 0 |
| 12 | societe-exercant-une-activite-d-agence-de-voyage-20251218 | 2025-12-18 | Amende administrative de 2 000 euros et injonction | liste + 1 (bilan 2025) | 0 |
| 13 | societe-exercant-une-activite-d-agence-immobiliere-20241219 | 2024-12-19 | Amende administrative de 40 000 euros | liste + 1 (bilan 2024) | 0 |
| 14 | societe-exercant-une-activite-d-arts-du-spectacle-vivant-20251211 | 2025-12-11 | Amende administrative de 5 000 euros et injonction | liste + 1 (bilan 2025) | 0 |
| 15 | societe-exercant-une-activite-d-edition-de-journaux-20251229 | 2025-12-29 | Amende administrative de 5 000 euros | liste + 1 (bilan 2025) | 0 |
| 16 | societe-exercant-une-activite-d-edition-de-logiciels-notamment-de-paie-20251215 | 2025-12-15 | Amende administrative de 15 000 euros | liste + 1 (bilan 2025) | 0 |
| 17 | societe-exercant-une-activite-d-edition-de-revues-et-periodiques-20251016 | 2025-10-16 | Amende administrative de 4 000 euros et injonction | liste + 1 (bilan 2025) | 0 |
| 18 | societe-exercant-une-activite-d-hotellerie-et-d-hebergement-20251204 | 2025-12-04 | Amende administrative de 10 000 euros | liste + 1 (bilan 2025) | 0 |
| 19 | societe-exercant-une-activite-de-banque-et-assurance-20250911 | 2025-09-11 | Amende administrative de 10 000 euros | liste + 1 (seize sanctions) | 0 |
| 20 | societe-exercant-une-activite-de-collecte-de-donnees-provenant-de-jeux-concours-de-prospection-commerciale-et-de-transmission-de-donnees-a-ses-clients-20251218 | 2025-12-18 | Amende administrative de 20 000 euros | liste + 1 (bilan 2025) | 0 |
| 21 | societe-exercant-une-activite-de-commerce-d-alimentation-generale-specialisee-20251215 | 2025-12-15 | Amende administrative de 8 000 euros et injonction | liste + 1 (bilan 2025) | 0 |
| 22 | societe-exercant-une-activite-de-commerce-de-detail-20251208 | 2025-12-08 | Amende administrative de 20 000 euros | liste + 1 (bilan 2025) | 0 |
| 23 | societe-exercant-une-activite-de-commerce-de-detail-chaussures-20251113 | 2025-11-13 | Amende administrative de 5 000 euros | liste + 1 (bilan 2025) | 0 |
| 24 | societe-exercant-une-activite-de-commerce-de-grande-distribution-20251229 | 2025-12-29 | Amende administrative de 6 000 euros et injonction | liste + 1 (bilan 2025) | 0 |
| 25 | societe-exercant-une-activite-de-comparateur-d-auto-ecoles-20241212 | 2024-12-12 | Amende administrative de 10 000 euros | liste + 1 (bilan 2024) | 0 |

## Vérifications
- zod (vitest, worktree fp-r1l5) : tests/pr-fiches.test.ts → 289 passed (264 existantes + 25 nouvelles).
- suite complète : npx vitest run → 29 passed / 651 passed.
- URLs sources (curl -L, toutes 200) :
  200 https://www.cnil.fr/fr/les-sanctions-prononcees-par-la-cnil
  200 https://www.cnil.fr/fr/onze-nouvelles-sanctions-procedure-simplifiee
  200 https://cnil.fr/fr/sanctions-et-mesures-correctrices-bilan-2024-de-laction-de-la-cnil
  200 https://cnil.fr/fr/dix-nouvelles-sanctions-2025-procedure-simplifiee
  200 https://www.cnil.fr/fr/la-cnil-prononce-16-nouvelles-sanctions-dans-le-cadre-de-la-procedure-simplifiee
  200 https://www.cnil.fr/fr/transmission-de-donnees-un-reseau-social-des-fins-publicitaires-sanction
  200 https://www.cnil.fr/fr/bilan-sanctions-2025
- Bornes Ton A : 25/25 descriptions ≤ 120 mots (max constaté 110) ; timeline ≤ 40 mots/événement (max constaté 23).
- Zéro invention : volumes non précisés → count 0 + label honnête ; data_types limités aux catégories explicites (coordonnees pour prospection, sante pour la fiche site santé, identite+credentials pour la transmission de données de fidélité avec mots de passe, autre sinon) ; aucune date fabriquée (contrôles AmEx janvier 2023 cités au mois près dans la description uniquement — fiche ensuite écartée en dédup).
