# fullcat-r1-l3 — rafale 1, lane 3 — 25 fiches CNIL (2026-08-21)

Worktree : /var/folders/1s/l8h5vn997437p2zwl835gkw80000gn/T/opencode/fp-r1l3
Branche  : fiche/rafale1-l3 (depuis main 57ca40f)
Pool     : /tmp/cnil-slice-3.txt (40 lignes)

## Règles appliquées
- Read tool uniquement pour les fichiers du repo ; recherche web + curl pour cnil.fr.
- Dedup vs main : 3 entrées du pool écartées —
  - « SOCIETE AYANT UNE ACTIVITE DE MARKETING ET DE CONCEPTION DE SITES WEB » (900 k€, 15/05/2025)
    = Solocal Marketing Services → fiche existante solocal-marketing-services-20250515.json
  - « SOCIETE AYANT POUR ACTIVITE LE DEVELOPPEMENT D'OUTILS MARKETING » (1 M€, 11/12/2025)
    = Mobius Solutions → fiche existante mobius-solutions-20251211.json
  - « SOCIETE D'EDITION DE LOGICIELS APPLICATIFS » (1,5 M€, 15/04/2022)
    = Dedalus Biologie → sanction déjà consommée dans dedalus-20210214.json (timeline + confirmation 2022-04-15)
- cnil.fr officiel → statut confirmee ; volume count 0 quand la CNIL ne chiffre pas (évite double-comptage).
- Entités anonymisées : libellé CNIL verbatim (sans l'annotation « procédure simplifiée ») ;
  identification par communiqué CNIL uniquement (Apple Distribution International, TELEMAQUE),
  ou presse pour Ledger (The Big Whale / La Lettre, confirmation CNIL à la presse).
- Slugs = normalizeSlug(entité)-AAAAMMJJ ; zéro collision vs main (264 fiches).

## Fiches (25)

| slug | entité | décision | secteur |
| --- | --- | --- | --- |
| apple-distribution-international-20221229 | Apple Distribution International | 2022-12-29 | services |
| futura-internationale-20191121 | Futura Internationale | 2019-11-21 | industrie |
| ledger-20241010 | Ledger | 2024-10-10 | finance |
| societe-ayant-pour-activite-la-recherche-et-le-developpement-scientifique-20240229 | Société ayant pour activité la recherche et le développement scientifique | 2024-02-29 | recherche |
| societe-ayant-pour-activite-la-vente-a-distance-de-mobilier-decoration-et-d-equipements-domestiques-20250703 | Société ayant pour activité la vente à distance de mobilier, décoration et d'équipements domestiques | 2025-07-03 | retail |
| societe-ayant-pour-activite-la-vente-a-distance-sur-catalogue-general-20250618 | Société ayant pour activité la vente à distance sur catalogue général | 2025-06-18 | retail |
| societe-ayant-pour-activite-le-commerce-de-detail-d-habillement-20240905 | Société ayant pour activité le commerce de détail d'habillement | 2024-09-05 | retail |
| societe-ayant-pour-activite-le-commerce-de-detail-optique-20240523 | Société ayant pour activité le commerce de détail optique | 2024-05-23 | retail |
| societe-ayant-pour-activite-le-developpement-et-la-mise-en-oeuvre-de-logiciels-de-surveillance-des-employes-20231108 | Société ayant pour activité le développement et la mise en œuvre de logiciels de surveillance des employés | 2023-11-08 | services |
| societe-ayant-pour-activite-le-soutien-aux-entreprises-20240131 | Société ayant pour activité le soutien aux entreprises | 2024-01-31 | services |
| societe-ayant-pour-activite-principale-l-edition-20250605 | Société ayant pour activité principale l'édition | 2025-06-05 | media |
| societe-ayant-une-activite-de-commerce-de-detail-optique-20230928 | Société ayant une activité de commerce de détail optique | 2023-09-28 | retail |
| societe-collectant-des-donnees-de-prospects-a-partir-de-plusieurs-sources-notamment-des-formulaires-de-participation-a-des-jeux-concours-en-ligne-20250904 | Société collectant des données de prospects à partir de plusieurs sources, notamment des formulaires de participation à des jeux concours en ligne | 2025-09-04 | services |
| societe-d-aide-a-domicile-des-personnes-agees-et-handicapees-20191230 | Société d'aide à domicile des personnes âgées et handicapées | 2019-12-30 | services |
| societe-d-electronique-et-de-telecommunication-20171221 | Société d'électronique et de télécommunication | 2017-12-21 | media |
| societe-de-centres-d-appels-20251016 | Société de centres d'appels | 2025-10-16 | services |
| societe-de-commerce-de-detail-d-articles-de-sport-en-magasin-specialise-20250410 | Société de commerce de détail d'articles de sport en magasin spécialisé | 2025-04-10 | retail |
| societe-de-commerce-de-detail-d-habillement-20241212 | Société de commerce de détail d'habillement | 2024-12-12 | retail |
| societe-de-conseil-en-systemes-et-logiciels-informatiques-20231229 | Société de conseil en systèmes et logiciels informatiques | 2023-12-29 | services |
| societe-de-conseils-en-systemes-et-logiciels-informatiques-20231006 | Société de conseils en systèmes et logiciels informatiques | 2023-10-06 | services |
| societe-de-conseils-pour-les-affaires-et-autres-conseils-de-gestion-20250327 | Société de conseils pour les affaires et autres conseils de gestion | 2025-03-27 | services |
| societe-de-courtage-en-energie-20250130 | Société de courtage en énergie | 2025-01-30 | services |
| societe-de-courtage-en-travaux-consulting-en-batiment-et-travaux-publics-achat-et-revente-de-materiel-transaction-immobiliere-et-maitrise-d-oeuvre-20250403 | Société de courtage en travaux, consulting en bâtiment et travaux publics, achat et revente de matériel, transaction immobilière et maîtrise d'œuvre | 2025-04-03 | services |
| societe-de-courtage-en-travaux-consulting-en-batiment-et-travaux-publics-achat-et-revente-de-materiel-transaction-immobiliere-et-maitrise-d-oeuvre-20251211 | Société de courtage en travaux, consulting en bâtiment et travaux publics, achat et revente de matériel, transaction immobilière et maîtrise d'œuvre | 2025-12-11 | services |
| telegame-20240926 | Telegame | 2024-09-26 | services |

Répartition : 2025×10, 2024×7, 2023×4, 2022×1, 2019×2, 2017×1.

## Vérifications

### Zod (temp vitest, node_modules du repo principal)
- Test Files : 1 passed (1)
- Tests : 26 passed (26) — 25 fiches validées + assertion de comptage exact

### Sondage curl des 11 URLs sources distinctes (2026-08-21)
- 200 https://www.cnil.fr/fr/les-sanctions-prononcees-par-la-cnil (25 fiches)
- 200 https://www.cnil.fr/fr/dix-nouvelles-sanctions-2025-procedure-simplifiee (4 fiches)
- 200 https://www.cnil.fr/fr/la-cnil-prononce-16-nouvelles-sanctions-dans-le-cadre-de-la-procedure-simplifiee (1 fiche)
- 200 https://www.cnil.fr/fr/voyance-en-ligne-sanctions-de-250-000-et-150-000-euros-cosmospace-telemaque
- 200 https://cnil.fr/fr/identifiant-publicitaire-sanction-de-8-millions-deuros-lencontre-de-apple-distribution-international
- 200 https://www.thebigwhale.io/fr/article/exclusive-ledger-fined-750-000-by-cnil
- 200 https://www.lalettre.fr/fr/entreprises_tech-et-telecoms/2024/10/23/french-tech--la-cnil-inflige-une-amende-de-750-000-euros-a-ledger,110331107-art
- 200 https://www.challenges.fr/economie/france-la-cnil-inflige-une-amende-de-8-millions-a-apple_840851
- 200 https://www.conseil-etat.fr/fr/arianeweb/CE/decision/2025-10-15/473833
- 200 http://web.archive.org/web/20191209210208/https://www.cnil.fr/fr/futura-internationale-sanction-de-500-000-euros-pour-demarchage-telephonique-illegal (1er essai 503 transitoire wayback, 200 au 2e)
- 200 https://www.lemondeinformatique.fr/actualites/lire-rgpd-amende-de-500-keteuro-pour-futura-internationale-77202.html

URLs écartées (non 2xx) : lesechos.fr (403), lemonde.fr (402), lefebvre-dalloz.fr (403),
strategies.fr (403), legifrance.gouv.fr (403 anti-bot),
cnil.fr/fr/futura-internationale-… (page tombeau « article n'est plus disponible »).

### Sources de faits
- Tableau officiel des sanctions CNIL (toutes les fiches) : dates, manquements, décisions.
- Communiqués CNIL : dix-nouvelles (22/05/2025), 16-nouvelles (13/10/2025),
  Cosmospace/Telegame (26/09/2024), Apple Distribution International (29/12/2022),
  archive Futura Internationale (délibération SAN-2019-010).
- Presse : The Big Whale + La Lettre (Ledger), Challenges/Reuters (Apple),
  Le Monde Informatique (Futura).

## Non-fusion
PR ouverte, JAMAIS mergée par la lane — chaîne d'intégrité + merge unique en Vague C.
