# fullcat rafale 1 — lane 4 — fiches CNIL-confirmées (24 livrées / 25 demandées)
date: 2026-08-21 04:25 UTC | branche: fiche/rafale1-l4 | worktree: fp-r1l4 | base: 9da77f2 (main, 264 fiches)
pool: /tmp/cnil-slice-4.txt lignes 1-40 (lues via read tool uniquement)

## Méthode (identique lane 0)
- Liste officielle CNIL « Les sanctions prononcées par la CNIL »
  (https://www.cnil.fr/fr/les-sanctions-prononcees-par-la-cnil, HTTP 200, UA navigateur,
  305 lignes 2018→2026) parsée localement (date | désignation | manquements | décision).
- Chaque ligne du pool appariée EXACTEMENT (cannonisation accents/apostrophes) à une ligne
  du tableau : 27 lignes appariées (30 paires — L06×2, L10×2, L40×2, L30=L35).
- 13 lignes pool SANS aucune correspondance sur la liste actuelle (L02/L03/L09/L11/L12/L14/
  L15/L18/L19/L20/L22/L24/L28) : désignations d'anciennes décisions absentes du tableau
  actuel (fenêtre 2018→2026), invérifiables via URL officielle vivante → exclues (zéro
  invention). Vérification floue (difflib, meilleur score 0,89 = désignation différente)
  : aucun rapprochement légitime possible.
- DEDUP :
  - intra-pool : L30 « VENTE A DISTANCE » = L35 « VENTE À DISTANCE » (même ligne du
    tableau, 27/11/2025, 500 000 €) → 1 fiche.
  - vs main (264 fiches, scan identité de décision date+montant sur tout le JSON) :
    L34 (150 M€, 01/09/2025) = shein-infinite-styles-20250901 ; L39 (325 M€, 01/09/2025)
    = google-20250901 → exclues (décisions déjà cataloguées).
  - inter-lanes : slugs des lanes 0 (a75d371, 25), 1 (7578e61, 25), 2 (83379bd, 7),
    3 (7d9c5ad, 25) vérifiés — zéro collision ; slices disjoints confirmés.
- Total : 27 lignes appariées − 2 (déjà cataloguées) − 1 (doublon intra-pool) = 24 fiches.
- Sources par fiche : liste officielle (kind officiel, la ligne du tableau = fait primaire)
  + bilan annuel CNIL de l'année de la décision (2022/2023/2024/2025, agrégats vérifiés
  dans le HTML rendu) + communiqué CNIL dédié quand la fenêtre temporelle correspond
  (dix-nouvelles nov. 2023 ; dix-nouvelles mai 2025 ; 16-nouvelles oct. 2025 ; premier
  bilan p.s. 2022) + communiqués nominatifs vivants (TAGADAMEDIA, KASPR ×2).
- Communiqués nominatifs Voodoo/Cityscoot/Ubeeqo/Microsoft/Clearview : URL 200 mais pages
  « Cet article n'est plus disponible » (CNIL dé-identifie après 2 ans) → NON cités, aucune
  identification des entités correspondantes (désignation anonymisée de la liste uniquement,
  cohérent avec l'anonymisation CNIL).
- Fiches statut confirmee, entités = désignation verbatim en sentence case (typo CNIL
  « ascenceurs » conservée), pas de siren (irrésolvable), volumes non précisés → count 0 +
  label honnête, data_types limités aux catégories explicites (geolocalisation pour le
  transport routier ; coordonnees pour prospection jeux-concours et collecte LinkedIn ;
  biometrique pour télésurveillance biométrique et reconnaissance faciale ; autre sinon).

## Fiches (24)
| # | slug | décision | sanction | sources officielles |
|---|------|----------|----------|---------------------|
| 1 | societe-de-developpement-de-jeux-mobiles-20221229 | 2022-12-29 | Amende de 3 millions d'euros | liste + bilan 2022 |
| 2 | societe-de-fabrication-de-produits-de-consommation-courante-en-matieres-plastiques-20230928 | 2023-09-28 | 20 000 € (p.s.) | liste + dix-nouvelles 2023 |
| 3 | societe-de-gestion-d-installations-informatiques-20241126 | 2024-11-26 | 15 000 € (p.s.) | liste + bilan 2024 |
| 4 | societe-de-gestion-immobiliere-20190528 | 2019-05-28 | 400 000 € (+ abandon poursuites 31/01/2019 en timeline) | liste |
| 5 | societe-de-location-de-scooters-electriques-en-libre-service-20230316 | 2023-03-16 | 125 000 € | liste + bilan 2023 |
| 6 | societe-de-location-de-vehicules-20220707 | 2022-07-07 | 175 000 € | liste + bilan 2022 |
| 7 | societe-de-marketing-20230328 | 2023-03-28 | 10 000 € + injonction (p.s. ; liquidation astreinte 3 000 € 26/09/2024 en timeline) | liste + bilan 2024 |
| 8 | societe-de-programmation-informatique-20230328 | 2023-03-28 | 20 000 € (p.s.) | liste + bilan 2023 |
| 9 | societe-de-sites-en-ligne-de-jeux-concours-et-tests-produits-20231229 | 2023-12-29 | 75 000 € + injonction (Conseil d'État : 50 000 € le 20/05/2026) | liste + communiqué TAGADAMEDIA |
| 10 | societe-de-support-logistique-20231227 | 2023-12-27 | 32 millions d'euros | liste + bilan 2023 |
| 11 | societe-de-telesurveillance-d-ascenceurs-et-de-parkings-20180906 | 2018-09-06 | Sanction pécuniaire (montant non précisé) | liste |
| 12 | societe-de-traitement-et-de-revetement-de-metaux-20180724 | 2018-07-24 | Sanction pécuniaire (montant non précisé) | liste |
| 13 | societe-de-transport-ambulancier-20241231 | 2024-12-31 | 10 000 € (p.s.) | liste + bilan 2024 |
| 14 | societe-de-transport-de-fret-aerien-20230918 | 2023-09-18 | 200 000 € | liste + bilan 2023 |
| 15 | societe-de-transport-de-personnes-20181219 | 2018-12-19 | Sanction pécuniaire (montant non précisé) | liste |
| 16 | societe-de-transport-routier-de-marchandises-20250123 | 2025-01-23 | 8 000 € (p.s., géolocalisation) | liste + dix-nouvelles 2025 + bilan 2025 |
| 17 | societe-de-vente-a-distance-20251127 | 2025-11-27 | 500 000 € + injonction | liste + bilan 2025 |
| 18 | societe-de-vente-a-distance-sur-catalogue-specialise-20250911 | 2025-09-11 | 5 000 € (p.s.) | liste + 16-nouvelles + bilan 2025 |
| 19 | societe-de-vente-au-detail-20241212 | 2024-12-12 | 18 000 € (p.s.) | liste + bilan 2024 |
| 20 | societe-de-vente-de-systemes-d-exploitation-de-logiciels-applicatifs-de-materiels-et-de-services-derives-20221219 | 2022-12-19 | 60 millions d'euros + injonction sous astreinte | liste + bilan 2022 |
| 21 | societe-developpant-des-logiciels-de-gestion-et-la-commercialisation-de-logiciels-a-destination-des-collectivites-territoriales-20221229 | 2022-12-29 | 15 000 € (p.s.) | liste + premier bilan p.s. 2022 |
| 22 | societe-developpant-et-commercialisant-un-logiciel-d-aide-au-recrutement-20250904 | 2025-09-04 | 7 000 € (p.s.) | liste + 16-nouvelles + bilan 2025 |
| 23 | societe-developpant-et-commercialisant-une-extension-pour-navigateur-20241205 | 2024-12-05 | 240 000 € + injonction (injonction clôturée 04/03/2026) | liste + communiqués KASPR ×2 + bilan 2024 |
| 24 | societe-developpant-un-logiciel-de-reconnaissance-faciale-20221017 | 2022-10-17 | 20 millions d'euros + injonction sous astreinte (liquidation astreinte 5 200 000 € 17/04/2023 en timeline) | liste + bilan 2022 |

## Vérifications
- zod (vitest) : tests/pr-fiches.test.ts → 288 passed (264 existantes + 24 nouvelles).
- suite complète : npx vitest run → 29 files / 650 tests passés.
- npx astro build → 596 pages ; les 24 pages /fiche/<slug>/ rendues, statut « Confirmée »
  vérifié dans le HTML (spot-check extension-pour-navigateur : Confirmée, 240 000, KASPR,
  coordonnées présents).
- URLs sources (curl UA navigateur, toutes 200, contenu présent dans le HTML rendu) :
  200 https://www.cnil.fr/fr/les-sanctions-prononcees-par-la-cnil
  200 https://www.cnil.fr/fr/sanctions-et-mesures-correctrices-la-cnil-presente-le-bilan-2022-de-son-action-repressive (21 sanctions, 101 277 900 €)
  200 https://www.cnil.fr/fr/procedure-de-sanction-simplifiee-la-cnil-presente-son-premier-bilan-2022 (plafond 20 000 €)
  200 https://www.cnil.fr/fr/sanctions-et-mesures-correctrices-la-cnil-presente-le-bilan-2023-de-son-action-repressive (42 sanctions, 89 179 500 €)
  200 https://www.cnil.fr/fr/la-cnil-prononce-dix-nouvelles-sanctions-dans-le-cadre-de-sa-procedure-simplifiee (10 sanctions sept-oct 2023, 97 000 €)
  200 https://www.cnil.fr/fr/sanctions-et-mesures-correctrices-bilan-2024-de-laction-de-la-cnil (87 sanctions, 55 212 400 €, 69 p.s.)
  200 https://www.cnil.fr/fr/aspiration-de-donnees-sanction-de-240-000-euros-lencontre-de-la-societe-kaspr (décision 05/12/2024)
  200 https://www.cnil.fr/fr/cloture-de-linjonction-prononcee-lencontre-de-la-societe-kaspr (délibération 04/03/2026)
  200 https://www.cnil.fr/fr/dix-nouvelles-sanctions-2025-procedure-simplifiee (10 sanctions depuis janv. 2025, 104 000 €)
  200 https://www.cnil.fr/fr/bilan-sanctions-2025 (83 sanctions, 486 839 500 €)
  200 https://www.cnil.fr/fr/la-cnil-prononce-16-nouvelles-sanctions-dans-le-cadre-de-la-procedure-simplifiee (16 sanctions depuis mai 2025, 108 000 €)
  200 https://www.cnil.fr/fr/courtiers-en-donnees-sanction-de-75-000-euros-lencontre-de-la-societe-tagadamedia (décision 29/12/2023, CE 20/05/2026)
- Bornes Ton A : 24/24 descriptions ≤ 120 mots (max 98) ; timeline ≤ 40 mots/événement ;
  phrases déclaratives courtes ; passé composé + présent ; aucun futur.
- Zéro invention : 2018 montants non précisés → label honnête « montant non précisé » ;
  aucune entité nommée que la CNIL n'identifie plus elle-même (Kaspr/Tagadamedia : citées
  uniquement parce que leurs communiqués nominatifs sont vivants sur cnil.fr).

## Écarts vs consigne
- Consigne « 25 fiches » → 24 livrées : le pool de 40 lignes ne contient que 27 lignes
  appariables à une décision vérifiable de la liste officielle, dont 2 déjà cataloguées
  (Google, Shein — décisions 01/09/2025) et 1 doublon intra-pool (L30=L35). Aucun
  remplissage par des décisions invérifiables ou des rapprochements approximatifs
  (zéro invention). Commit/PR intitulés « 24 fiches » pour rester factuels (précédent
  lane 2). Les 13 désignations non appariées restent disponibles pour un re-slicing
  D1 (cf. recommandation lane 2).
