# fullcat rafale 2 — lane 5 — fiches CNIL-confirmées (pool /tmp/cnil2-slice-5.txt)
date: 2026-08-21 09:58 UTC | branche: fiche/rafale2-l5 | base origin/main 2eea8cc (420 fiches)
worktree: /var/folders/1s/l8h5vn997437p2zwl835gkw80000gn/T/opencode/fp-r2l5 (supprimé en fin de run)

## Méthode
- Pool = 20 lignes, intitulés verbatim de la colonne « Type d'organisme » du
  tableau officiel CNIL « Les sanctions prononcées par la CNIL »
  (https://www.cnil.fr/fr/les-sanctions-prononcees-par-la-cnil, HTTP 200,
  re-fetch indépendant de la lane, 277 941 octets, 395 lignes de décision).
- Parseur local : 5 colonnes sur 2011-2017 (date | organisme | thème |
  manquements | décision — l'organisme est en 2e position, thème intercalaire),
  4 colonnes ensuite. Première passe avec organisme en 3e position → 8 lignes
  « sans occurrence » ; corrigé → 20/20 lignes appariées (appariement
  normalisé accents/casse/apostrophes, typos CNIL « SPECIALISÉE »,
  « SUPERMARCHE » préservées).
- DEDUP vs origin/main (420 fiches + .gitkeep) : 0 doublon créé. Vérifs
  fines : universite-paris-cite-20221219 (rançongiciel, statut revendiquee)
  ≠ UNIVERSITE PS 29/12/2022 ; uppa-20250929 (rançongiciel) ≠ UNIVERSITE PS
  02/10/2025 ; acces-aux-soins-20241219 ≠ STOMATOLOGUE PS 19/12/2024
  (intitulés CNIL distincts, même journée PS) ; societe-exploitant-
  supermarches-20241226 ≠ SUPERMARCHE PS 16/10/2025 ; google-20250901
  (325 M€, 01/09/2025) ≠ GOOGLE 21/01/2019 ni 07/12/2020 ; slimpay-20211228
  ≠ VENTE DE MOBILIER 30/12/2021 (SAN-2021-022).
- UNIVERSITE (PS) : 3 occurrences (29/12/2022 10 k€, 02/10/2025 15 k€,
  31/12/2025 20 k€), aucune consommée → règle lane 1 « plus récente non
  consommée » → 31/12/2025 retenue (20 k€, plafond PS) ; restent 2.
- VENTES AUX ENCHERES : 2 lignes identiques 24/05/2012 (avertissements non
  publics, manquements légèrement différents) → 1 fiche couvrant les deux.
- THEATRE* : astérisque du tableau = « Recours pendant devant le Conseil
  d'État » (ligne colspan en pied de table 2015) → signalé dans la fiche.

## Fiches livrées (20, statut confirmée, Ton A « factuel sec », 80-120 mots)
01 societe-prestations-garde-enfants-domicile-20201208  08/12/2020  injonction sous astreinte (0 €)
02 google-20201207                                        07/12/2020  60 + 40 M€ (SAN-2020-012)
03 google-20190121                                        21/01/2019  50 M€ (SAN-2019-001)
04 criteo-20230615                                        15/06/2023  40 M€ (SAN-2023-009)
05 kg-com-20230608                                        08/06/2023  150 k€ (SAN-2023-008)
06 active-assurances-20190718                             18/07/2019  180 k€
07 monsanto-20210726                                      26/07/2021  400 k€ (SAN-2021-012)
08 snaf-20210915                                          15/09/2021  3 k€ (SAN-2021-014)
09 societe-organisant-des-evenements-...-billets-20260326 26/03/2026  15 k€ + inj.  PS
10 station-radiophonique-20170413                         13/04/2017  avert. non public
11 stomatologue-20241219                                  19/12/2024  5 k€          PS
12 supermarche-20251016                                   16/10/2025  20 k€ + inj.   PS
13 syndicat-20120524                                      24/05/2012  avert. public (dél. 2012-079)
14 syndicat-de-coproprietaires-20130110                   10/01/2013  sanction + injonction
15 theatre-20150212                                       12/02/2015  avert. public (dél. 2015-040, *)
16 transaction-et-gestion-de-biens-immobiliers-20111006   06/10/2011  avert. non public
17 union-regionale-de-syndicats-20120216                  16/02/2012  5 000 € publique
18 universite-20251231                                    31/12/2025  20 k€          PS
19 ventes-aux-encheres-20120524                           24/05/2012  2 avert. non publics
20 vente-de-mobilier-sur-internet-et-en-magasins-20211230 30/12/2021  120 k€ (SAN-2021-022)
PS = procédure simplifiée (non publiable nominativement, plafond 20 k€).

## Nommage (8 fiches nommées)
- Via source officielle vivante cnil.fr : Monsanto (communiqué 200),
  SNAF (communiqué 200), Google 2020 (41e rapport annuel PDF 200 + Conseil
  d'État n° 449209, 200), Google 2019 (40e rapport annuel PDF 200).
- Via presse (écart documenté, règle rafale 1 « source officielle vivante »
  impossible) : Criteo (Bignon Lebray 200 + Legalplanet 200 ; légifrance 403,
  fenêtre de publicité 2 ans expirée), KG COM (BFM 200 + Le Monde du Droit
  200 ; communiqué CNIL introuvable vivant), Active Assurances (Le Monde
  Informatique 200 ; communiqué CNIL introuvable vivant, Argus 403).
- 12 fiches anonymes par construction (PS non publiables, décisions anciennes
  non publiées ou anonymisées après délai de 2 ans : SAN-2021-022).

## Sources — curl (UA navigateur)
200 : tableau sanctions ; communiqués Monsanto + SNAF ; 40e/41e rapports
annuels PDF ; conseil-etat.fr 449209 ; cnil.fr/fr/23-nouvelles-sanctions-
simplifiees ; bilan 2024 ; bilan 2025 ; procédure simplifiée ; bignonlebray ;
legalplanet (×2) ; bfmtv ; lemondedudroit ; lemondeinformatique ; numerama ;
ledieu-avocats ; delsolavocats ; edpb.europa.eu (PDF SAN-2021-022) ;
web.archive.org 20181122 (liste officielle archivée).
403 exclus : légifrance (×2, bloqué comme lane 1), argusdelassurance.
404 exclus : anciens communiqués CNIL Google 2019/2020, Criteo, KG COM,
  Active Assurances, san-2019-001.pdf (chemins devinués, aucun retenu).

## Validation
- Test temporaire vitest (supprimé avant commit) : 20 fichiers présents ;
  0 chevauchement origin/main (421 entrées = 420 + .gitkeep) ; 20 ×
  ficheSchema zod OK ; suffixe slug = date de décision ; statut confirmée
  ×20 ; source cnil.fr officielle ×20 ; descriptions 80-120 mots ;
  événements ≤ 40 mots → 5/5 passed.
- npx vitest run (suite complète) → 30 fichiers, 807/807 passed.
- npx astro build → 924 pages, 440 fiches générées (420 + 20), spot-check
  dist/fiche : google-20201207, criteo-20230615, monsanto-20210726,
  stomatologue-20241219, supermarche-20251016, universite-20251231,
  theatre-20150212 présents.

## Livraison
- git commit « feat(catalog): rafale 2 — CNIL L5 » : 20 JSON data/catalog/ +
  ce journal. git push -u origin fiche/rafale2-l5.
- gh pr create « Rafale 2 L5 » — JAMAIS MERGE par la lane (décision #6).
- Aucun post social (consigne lane).

## Risques résiduels
1. Nommage Criteo/KG COM/Active Assurances fondé sur presse citant la CNIL
   (aucune source officielle nominative vivante) — écart documenté, même
   standard que Numericable/Infogreffe (rafale 1, PR #26).
2. 12 fiches anonymes par construction (PS, décisions anciennes, ou
   anonymisation légale après 2 ans : mobilier SAN-2021-022).
3. Ligne UNIVERSITE résolue par « plus récente non consommée » (31/12/2025) ;
   correction triviale si l'orchestrateur visait le 29/12/2022 ou 02/10/2025.
4. 7 fiches anciennes (2011-2017) avec le tableau CNIL + sa version archivée
   2018 pour seules sources ; montants absents pour 3 avertissements.
5. CI GitHub possiblement bloquée (billing) — équivalence locale ci-dessus.
