# Task 46 — GDPR compliance file + data-subject tooling (Wave 6) — evidence
# Date: 2026-08-21T00:17Z (local 02:17) — workdir main, lane files only
# Lane: docs/rgpd.md (new), scripts/erase-subscriber.mjs (new),
#       workers/retention/{src/index.ts,wrangler.jsonc} (new), tests/retention.test.ts (new)

## Livrables

1. docs/rgpd.md — registre des traitements FR :
   - §1.1 signalements : finalité file de validation éditoriale, base légale
     intérêt légitime (art. 6(1)(f)), données = métadonnées + contact
     OPTIONNEL, purge REJECTED à 1 an (règle C1) ;
   - §1.2 watchlists/alertes : « À L'ACTIVATION » — verdict T29 cité
     honnêtement (send_email refuse les destinations non vérifiées, T30/T31
     bloqués décision propriétaire, aucune promesse d'activation) ; double
     opt-in + effacement 1-click PRÉVUS ; convention email_hash =
     sha256(trim(email).toLowerCase()) hex documentée (engage T30) ;
   - §1.3 journaux workers : table events 90 j (règle E1) ; registry jamais
     purgée (chaîne d'intégrité, empreintes) ;
   - §1.4 Web Analytics Cloudflare cookieless (activé dashboard 20/08,
     constat tâches 6/29) ;
   - §1.5 sans-collecte (k-anonymité, générateur DPO 100 % client) ;
   - §2 les TROIS règles S1/C1/E1 = l'unique source de vérité que le worker
     implémente à l'identique ; §3 droits via contact@francepassoire.com
     (boîte honnêtement « en cours d'activation », cf. email-infra
     USER-ACTION, réponse sous 30 j promis dès mise en service) ; §4
     procédure violation art. 33-34 (CNIL ≤ 72 h, info personnes si risque
     élevé, journalisation) ; §5 notice art. 13 figée pour la future page
     de confirmation ; §6 outils du dépôt.
2. workers/retention/ — worker cron quotidien (03:17 UTC, décalé heures
   pleines), 3 DELETE paramétrés datetime('now', ?) : S1 '-30 days'
   (confirmed_at IS NULL), C1 '-365 days' (status='REJECTED'), E1 '-90
   days' (events). Interfaces structurelles minimales (pattern api/ingest),
   reçu de exécution loggé par scheduled().
3. scripts/erase-subscriber.mjs — CLI zéro dépendance : cible email (→
   recherche par email_hash SHA-256, jamais de clair dans le SQL) OU
   unsub_token (jeu de caractères [A-Za-z0-9_-]{8,128} validé avant
   inclusion) ; --local DÉFAUT / --remote explicite ; reçu art. 17 (id,
   création, confirmation, horodatage) ; vérification de l'effacement par
   re-SELECT (la CLI wrangler locale n'expose pas meta.changes — constat
   ci-dessous) ; introuvable → message clair exit 1 ; usage invalide exit 2.
4. tests/retention.test.ts — 3 tests sur VRAIE sémantique SQLite
   (node:sqlite en mémoire, schéma réel migrations/0001_init.sql) derrière
   l'interface D1 du worker.

## constat wrangler (mineur, contourné proprement)
`wrangler d1 execute --local --json` (4.125.0) n'expose PAS meta.changes
sur un DELETE (meta = {duration} seulement). Le script ne dépend donc pas
de changes : succès + re-SELECT vide = preuve. Documenté dans le code.

## Typecheck / build config
$ npx astro check
  → 0 errors, 0 warnings (12 hints préexistants)            PASS
$ npx wrangler deploy --dry-run --config workers/retention/wrangler.jsonc
  → Total Upload: 1.45 KiB / gzip: 0.67 KiB
  → bindings: env.DB (francepassoire) D1 Database            PASS

## Suite vitest complète (une fois, exigence QA)
$ npx vitest run
  → Test Files  26 passed (26)
  → Tests       342 passed (342)     (339 préexistants + 3 retention)  PASS

tests/retention.test.ts — les 3 tests :
  1. fixtures : s1 non-confirmé 40 j → PURGÉ ; s2 non-confirmé 5 j → INTACT ;
     s3 confirmé 400 j → INTACT ; c1 REJECTED 400 j → PURGÉ ; c2 REJECTED
     100 j, c3 NEW 400 j, c4 PUBLISHED 400 j → INTACTS ; e1 event 120 j →
     PURGÉ ; e2 10 j → INTACT ; registry + social_outbox 400 j → INTACTES
     (jamais purgées). Reçu exact {1,1,1}.
  2. idempotence : 2e exécution → reçu {0,0,0}, rien de plus supprimé.
  3. scheduled() réel (controller+ctx) : règles exécutées, reçu loggé
     « E1=1 ».

## Transcript effacement D1 LOCALE (happy + failure du plan)
$ HASH=sha256("effacement-test@exemple.fr")=c29b295d3c6aff59…

[T46-1] INSERT fixture-t46-a (email_hash=$HASH, unsub_token=jeton-effacement-t46,
        created_at datetime('now','-10 days'))          → insert ok
[T46-2] $ node scripts/erase-subscriber.mjs effacement-test@exemple.fr --local
        ✓ Effacement exécuté et vérifié (re-SELECT vide) — reçu RGPD (art. 17), conservation nulle.
          base        : D1 locale (.wrangler) — francepassoire
          cible       : effacement-test@exemple.fr (sha256 c29b295d3c6a…)
          lignes      : 1
          - id fixture-t46-a, créée le 2026-08-10 22:15:40, jamais confirmée
          horodatage  : 2026-08-20T22:15:45.400Z
        exit=0
[T46-3] SELECT COUNT(*) WHERE email_hash=$HASH            → 0 ligne       PASS
[T46-4] fixture-t46-b (confirmée) + erase par JETON :
        $ node scripts/erase-subscriber.mjs jeton-effacement-t46 --local
          cible : jeton jeton-ef… ; - id fixture-t46-b, créée le
          2026-08-17 22:15:55, confirmée le 2026-08-18 22:15:55 ; exit=0    PASS
[T46-5] erase inconnu-partout@exemple.fr
        ✗ Aucun abonné correspondant (email → email_hash sha256) en base
          D1 locale (--local, défaut). Rien n'a été supprimé.
        exit=1 (propre, pas de crash)                                     PASS
[T46-6] sans argument → usage FR, exit=2                                  PASS
[T46-7] cible ni email ni jeton (« pas;valide! ») → exit=1 nommé          PASS
[T46-8] SELECT COUNT(*) FROM subscribers                  → 0 (zéro résidu) PASS

## Décisions & risques
- email_hash convention (sha256 hex, trim+lowercase) : définie ICI parce que
  T30 est bloqué et le schéma (T7) n'impose pas de fonction ; documentée
  engageante dans docs/rgpd.md §1.2 + script. Si T30 choisit autre chose, il
  devra soit réutiliser, soit mettre à jour script+doc (grep : 3 endroits).
- C1 part de created_at (pas de date de traitement au schéma) : borne au
  plus tard 1 an après traitement — documenté §2.
- PUBLISHED pas purgés automatiquement (spec : REJECTED only) — couverts par
  effacement sur demande immédiat ; extension prévue à l'activation T30,
  notée dans le registre sans promesse.
- node:sqlite en test : dispo sans flag depuis Node 22.13 (engines >=22.12
  — écart d'une mineure sur un env edge ; dev réel = 26.7).
- Le worker n'est PAS déployé (cron 03:17 UTC) : déploiement au câblage
  runtime T47, comme api/social — dry-run seul ici.
