# Task 43 (Wave 6) — /methode wired to real trust artifacts
Date: 2026-08-21 (build machine local, repo francepassoire.com)

## Changed files
- src/pages/methode.astro   — sections Registre / Ancrages Nostr / Données ouvertes réelles
- src/lib/trust-view.ts     — NEW: module-scope fs read of registre.jsonl + build-time chain assert
- (this evidence log)

## 1. Empreinte match — page vs scripts/verify-registry.mjs
$ node scripts/verify-registry.mjs registre.jsonl
registre intact — registre.jsonl : 31 événements vérifiés
empreinte de tête : 048e645103c167533c36fea893940aa81518886ae682a5ffe359d0dfefc59b9a
exit 0

Rendered page (dist/methode/index.html) contains the full 64-hex empreinte
(grep -q => OK), plus "31 événements", npub, relais, and the three real
open-data buttons (verified by grep, see §4).

## 2. Build-time assert (CI-style) — negative test
Tampered one hex char of the last line's empreinte in registre.jsonl:
  verify-registry.mjs -> exit 1 (ligne 31 : contenu modifié)
  npm run build       -> exit 1 with:
  "registre d'intégrité en défaut (le contenu a été modifié après publication) —
   « node scripts/verify-registry.mjs registre.jsonl » doit sortir 0 avant tout build"
Restored via git checkout; registre.jsonl identical to public/registre.jsonl (cmp OK).
Rebuild after restore: exit 0, 86 pages.
Assert uses verifierChaine (src/lib/registry.ts) — canonical TS mirror of the
script; parity guaranteed by tests/registry.test.ts (14/14 passed this run).

## 3. Type check / tests
npx astro check  -> 0 errors, 0 warnings (101 files)
npx vitest run tests/registry.test.ts -> 14 passed

## 4. Link checks (link-sweep.mjs existed -> ran it; plus manual curl sweep)
Manual sweep: served dist/ (python3 http.server), curled every href found in
dist/methode/index.html — all 2xx:
  200 /  /_astro/*.css  /api/v1/fiches.json  /chiffres/  /confidentialite/
  200 /dataset/catalogue.json  /favicon.svg  /feed.xml  /mentions-legales/
  200 /methode/  /proteger/  /ransomware/  /signaler/
  200 https://francepassoire.com/registre.jsonl   (live production)
  200 https://francepassoire.com/methode/
node scripts/link-sweep.mjs: methode/index.html reports 4x 'href="#"' — ALL ARE
FALSE POSITIVES: sweep's checkInternal treats path '/' (href="/" home links from
Header/Footer, present on every page) as an empty anchor. Direct scan of the
built page: zero href="#", zero single-quoted '#'. Remaining 575 sweep findings
are on sibling-lane pages (secteur/ signaler/ /fuite/ targets) — out of scope 43.

## 5. Placeholders
- Placeholder chips A7B2...9F / C3D4...1E / 8F9A...B2 -> real empreintes (first,
  previous, head, shortened via raccourcirEmpreinte).
- "seront consultables dès les premières fiches" -> real /registre.jsonl link +
  live head empreinte + count.
- "Jeux de données, flux et API seront publiés ici..." -> real buttons:
  /dataset/catalogue.json "Dataset complet (JSON, CC-BY)", /feed.xml "Flux RSS",
  /api/v1/fiches.json "API v1".
- Nostr section: npub copyable (clipboard + execCommand fallback, aria-live
  feedback), 3 pinned relais, sober Ton A prose. NO GitHub links (repo privé).
- No href="#" in src/pages/methode.astro (grep confirmed).

## 6. Risks
- link-sweep.mjs '/' false positive (sibling task's fresh script) inflates dead
  counts on every page — flagged for the sweep owner.
- registre.jsonl is read at module scope: every `astro build/dev` re-runs the
  full chain verification (cheap: 31 lines).
- Production /methode redeploy needed for the rendered empreinte to go live
  (out of task-43 scope: no push per discipline).
