# Task 27 — PRÉPARATION : outils de genèse + clé Nostr + runbook

Date : 2026-08-20 (UTC). La genèse RÉELLE n'est PAS exécutée ici (préparation
seule — décision épinglée n° 6 : genèse déclenchée par l'orchestrateur juste
avant la fusion de la première tranche ; aucun ancrage publié, aucune fiche
réelle chaînée, aucun réseau touché hormis zéro : publish testé en --dry-run).

## Livrables

- `scripts/genesis.mjs` — genèse hors-ligne (node seul) : fiches JSON de
  `--fiches-dir` [+ `--anchors-dir`] → une ligne `ajout` par fiche
  (date = `--date` ou jour UTC, entite, fiche_du = slug), tri par slug
  (ordre de code-point), chaîne depuis 64 zéros, sortie canonique
  (clés triées, séparateurs compacts — spec partagée src/lib/registry.ts).
  REFUSE toute sortie existante non vide ; `--force` n'existe pas
  (option inconnue → exit 2). Fichier vide (0 octet) accepté.
- `scripts/registre-lib.mjs` — miroir JS partagé (2e miroir ;
  verify-registry.mjs reste autonome/zéro-dépendance, non touché). Les deux
  miroirs sont croisés par les tests : genesis → verify-registry.mjs → exit 0.
- `scripts/nostr-key.mjs` — clé en quarantaine
  (`~/.config/francepassoire/nostr.key`, hex, chmod 600, jamais affichée ni
  commitée) + relais épinglés.
- `scripts/publish-anchors.mjs` — signe (kind-1, nostr-tools) une note
  « ANCRAGE <slug> <empreinte> » par fiche + une note de tête, envoie aux
  3 relais épinglés (best-effort, OK attendu), consigne les ids dans le
  tableau « Ancrages publiés » de docs/ancrages.md (idempotent sur les
  ancrages déjà présents). `--dry-run` : signe localement, zéro réseau.
- `scripts/verify-anchors.mjs` — relit docs/ancrages.md (npub + tableau
  machine-readable colonnes ancrage|empreinte|id), vérifie la chaîne du
  registre publié, re-situe chaque empreinte (ligne de fiche ou tête),
  interroge chaque relai (WebSocket natif node ≥ 22, filtre ids), exige
  chaque événement signé par NOTRE npub, contenant l'empreinte, revenu de
  ≥ 2 relais. Exit 0/1 (manque nommé) / 2 (usage). `--gen` : clé idempotente.
- `docs/ancrages.md` — npub, relais, statut « genèse pas encore exécutée »,
  runbook (a)–(g) dont note de coordination T35 (endpoint /registre.jsonl
  possédé par la branche T35, merge-hold).
- `tests/genesis.test.ts` — 4 tests (fixtures fictives, tmpdir seulement).
- `package.json` — devDependency nostr-tools ^2.24.3 (seul lane autorisé à
  npm install dans cette vague).

## Clé Nostr (quarantaine)

```
$ node scripts/verify-anchors.mjs --gen
clé d'ancrage générée (idempotent)
npub public : npub1c4s8aye7ye8vmwa39zllytlj8rqcz4gqwtp30vw0vlk9ksj3u5uqqyjymd
secret : ~/.config/francepassoire/nostr.key (chmod 600) — jamais affiché, jamais commité ; backup utilisateur obligatoire
```

- npub (PUBLIC) : npub1c4s8aye7ye8vmwa39zllytlj8rqcz4gqwtp30vw0vlk9ksj3u5uqqyjymd
- 2e appel : « existante réutilisée » (idempotence prouvée), même npub.
- `stat` : perms=600, taille 65 o (64 hex + \n). Secret jamais affiché,
  jamais écrit dans le dépôt. (Note : getPublicKey de nostr-tools 2.24
  exige un Uint8Array — converti dans scripts/nostr-key.mjs.)
- ⚠ Reste à charge du propriétaire : backup de la clé (coffre-fort), puis
  `wrangler secret put NOSTR_NSEC` pour les tâches 38/40 (voir
  docs/social-setup.md § 5).

## Preuves d'exécution (fixtures fictives en tmpdir)

Genèse 3 fiches (2× fiches-dir + 1× anchors-dir, noms de fichiers inverses
de l'ordre des slugs) :

```
genèse écrite : …/registre.jsonl — 3 événements « ajout » (tri par slug)
empreinte de tête : 1a224d4def8ae81a051cee70f6bc7a93ebd2e571a038014ea6835ca865caff5d
$ node scripts/verify-registry.mjs …/registre.jsonl
registre intact — 3 événements vérifiés          ← miroir INDÉPENDANT, exit 0
seq: 1 aa-premiere / 2 mm-ancrage / 3 zz-derniere ← tri par slug à travers les dirs
```

Déterminisme (2 exécutions, --date 2026-08-20, répertoires permutés) :

```
$ cmp r1.jsonl r2.jsonl && echo byte-identical   → byte-identical ✔
```

Refus / garde-fous :

```
sortie existante non vide → exit 1 « refus : … aucun chaînage rétroactif, jamais »
--force                  → exit 2 « option inconnue » (aucune porte de sortie)
fichier vide (0 octet)   → exit 0, 3 événements écrits
slug dupliqué 2 dirs     → exit 2 « slug dupliqué entre les répertoires »
```

publish-anchors --dry-run (signature locale réelle, zéro réseau, zéro écriture) :

```
clé d'ancrage : npub1c4s8aye7ye8vmwa39zllytlj8rqcz4gqwtp30vw0vlk9ksj3u5uqqyjymd
registre : 3 événements, tête 1a224d4def8ae81a…
4 note(s) kind-1 à publier sur 3 relais
[dry-run] aa-premiere → e75d15fc… : « ANCRAGE aa-premiere 0f5712b5… »
[dry-run] mm-ancrage  → 4cf542e9… : « ANCRAGE mm-ancrage 4b30a9fb… »
[dry-run] zz-derniere → e310d745… : « ANCRAGE zz-derniere 1a224d4d… »
[dry-run] tête        → cc934837… : « ANCRAGE TETE 1a224d4d… — FrancePassoire, tête du registre (3 événements) »
relais ciblés : wss://relay.damus.io, wss://nos.lol, wss://relay.primal.net
```

verify-anchors (chemins d'échec, codes de sortie corrigés puis re-testés) :

```
tableau vide (état actuel du dépôt)      → exit 1 « genèse pas encore exécutée »
relais injoignable                       → exit 1 « MANQUANT : ancrage … 0/1 relais — absent de : ws://… »
empreinte absente de la chaîne           → exit 1 « absente de la chaîne recalculée »
registre absent                          → exit 2
publish sur registre retouché            → exit 1 (refus d'ancrer)
```

## Tests

```
$ npx vitest run tests/genesis.test.ts   → 4/4 passed
$ npx vitest run                         → 24 fichiers, 299/299 passed
$ node --check scripts/*.mjs (×5)        → OK
$ npx tsc --noEmit -p tsconfig.json      → 3 erreurs préexistantes dans
  src/lib/hub-view.ts (lane SEO hub en cours, HORS de mon périmètre — aucune
  erreur dans tests/genesis.test.ts ni mes scripts)
```

## Non-faits volontaires (préparation seulement)

- AUCUNE genèse réelle (aucune fiche d'ancrage chaînée, data/catalog vide).
- AUCUN envoi réseau Nostr (publish --dry-run uniquement) — pas de note
  publiée, le tableau « Ancrages publiés » reste vide comme l'exige l'état
  pré-genèse.
- verify-registry.mjs non modifié (hors lane, reste autonome).
- Aucun push.
