# Tâche 29 (Wave 4) — francepassoire-launch : délivrabilité email + sonde pré-vol send_email
# Date: 2026-08-20T20:22:57Z | Zone: 55f7a20e65f02cedd5fbd88511e6ab75 | API via token ~/.config/francepassoire/cloudflare.token (jamais affiché)

## Étape 0 — Recon DNS (GET /zones/<id>/dns_records)
HTTP 200 — 2 enregistrements existants, AUCUN supprimé :
  - d7f181f564219da6f0dad485c14da57f  CNAME  francepassoire.com       -> francepassoire.pages.dev (proxied)
  - 096d042589dfea9c25d61736f61730f6  CNAME  www.francepassoire.com   -> francepassoire.pages.dev (proxied)
  Aucun TXT existant (SPF/DMARC absents) — création légitime ci-dessous.

## Étape 1a — Création SPF (POST /zones/55f7a20e65f02cedd5fbd88511e6ab75/dns_records)
Requête: {"type":"TXT","name":"francepassoire.com","content":"v=spf1 include:_spf.mx.cloudflare.net ~all","ttl":1}
HTTP_STATUS: 200
{"success": true, "id": "8c27b99a180535bc6dd592013a3899ee", "name": "francepassoire.com", "type": "TXT", "content": "v=spf1 include:_spf.mx.cloudflare.net ~all", "errors": []}

## Étape 1b — Création DMARC (POST /zones/55f7a20e65f02cedd5fbd88511e6ab75/dns_records)
Requête: {"type":"TXT","name":"_dmarc.francepassoire.com","content":"v=DMARC1; p=none; rua=mailto:dmarc@francepassoire.com; adkim=s; aspf=s","ttl":1}
HTTP_STATUS: 200
{"success": true, "id": "0778976869dcee0ffa5187f8e6b39e63", "name": "_dmarc.francepassoire.com", "type": "TXT", "content": "v=DMARC1; p=none; rua=mailto:dmarc@francepassoire.com; adkim=s; aspf=s", "errors": []}

## Étape 1c — Vérification dig (20:23:16Z)
$ dig TXT francepassoire.com +short
"v=spf1 include:_spf.mx.cloudflare.net ~all"

$ dig TXT _dmarc.francepassoire.com +short

$ dig TXT francepassoire.com +short @1.1.1.1  (résolveur Cloudflare)
"v=spf1 include:_spf.mx.cloudflare.net ~all"
$ dig TXT _dmarc.francepassoire.com +short @1.1.1.1
NOTE: _dmarc vide au premier passage (20:23:16Z), propagation ~10s après :
$ dig TXT _dmarc.francepassoire.com +short @1.1.1.1  (retry)
"v=DMARC1; p=none; rua=mailto:dmarc@francepassoire.com; adkim=s; aspf=s"

VÉRDIQUE DNS: SPF ✓ et DMARC ✓ visibles publiquement.

## Étape 2 — Email Routing (tentatives API, 403 gérés honnêtement)

### 2a. GET /zones/55f7a20e65f02cedd5fbd88511e6ab75/email/routing
HTTP_STATUS: 200
{"result":{"id":"55f7a20e65f02cedd5fbd88511e6ab75","tag":"55f7a20e65f02cedd5fbd88511e6ab75","name":"francepassoire.com","enabled":false,"created":"2026-08-20T20:23:47.103199Z","modified":"2026-08-20T20:23:47.103199Z","skip_wizard":false,"support_subaddress":false,"synced":false,"admin_locked":false,"status":"unconfigured"},"success":true,"errors":[],"messages":[]}

### 2b. GET .../email/routing/addresses
HTTP_STATUS: 404
404 page not found


NOTE: 2b a renvoyé « 404 page not found » (texte brut) — mauvais chemin, pas un 403 :
les adresses de destination Email Routing sont à portée COMPTE, pas zone.

### 2b-corrigé. GET /zones/<id> pour l'account_id
HTTP_STATUS: 200 — account_id: 8bf7b7311f17611f5b95f1f4e755f8e7

### 2c. GET /accounts/8bf7b7311f17611f5b95f1f4e755f8e7/email/routing/addresses
HTTP_STATUS: 200
{"result":[],"success":true,"errors":[],"messages":[],"result_info":{"page":1,"per_page":20,"count":0,"total_count":0}}

### 2d. POST /zones/<id>/email/routing/enable  (tentative d'activation par API)
HTTP_STATUS: 200
{"result":{"id":"55f7a20e65f02cedd5fbd88511e6ab75","tag":"55f7a20e65f02cedd5fbd88511e6ab75","name":"francepassoire.com","enabled":true,"created":"2026-08-20T20:23:47.103199Z","modified":"2026-08-20T20:23:47.103199Z","skip_wizard":false,"support_subaddress":false,"synced":false,"admin_locked":false,"status":"ready"},"success":true,"errors":[],"messages":[]}

### 2e. GET /zones/<id>/email/routing/dns  (enregistrements générés par Cloudflare, post-enable)
HTTP_STATUS: 200
{
    "result": [
        {
            "name": "francepassoire.com",
            "content": "route1.mx.cloudflare.net.",
            "type": "MX",
            "priority": 70,
            "ttl": 1
        },
        {
            "name": "francepassoire.com",
            "content": "route2.mx.cloudflare.net.",
            "type": "MX",
            "priority": 6,
            "ttl": 1
        },
        {
            "name": "francepassoire.com",
            "content": "route3.mx.cloudflare.net.",
            "type": "MX",
            "priority": 57,
            "ttl": 1
        },
        {
            "name": "cf2024-1._domainkey.francepassoire.com",
            "content": "\"v=DKIM1; h=sha256; k=rsa; p=MIIBIjANBgkqhkiG9w0BAQEFAAOCAQ8AMIIBCgKCAQEAiweykoi+o48IOGuP7GR3X0MOExCUDY/BCRHoWBnh3rChl7WhdyCxW3jgq1daEjPPqoi7sJvdg5hEQVsgVRQP4DcnQDVjGMbASQtrY4WmB1VebF+RPJB2ECPsEDTpeiI5ZyUAwJaVX7r6bznU67g7LvFq35yIo4sdlmtZGV+i0H4cpYH9+3JJ78km4KXwaf9xUJCWF6nxeD+qG6Fyruw1Qlbds2r85U9dkNDVAS3gioCvELryh1TxKGiVTkg4wqHTyHfWsp7KD3WQHYJn0RyfJJu6YEmL77zonn7p2SRMvTMP3ZEXibnC9gz3nnhR6wcYL8Q7zXypKTMD58bTixDSJwIDAQAB\"",
            "type": "TXT",
            "ttl": 1
        },
        {
            "name": "francepassoire.com",
            "content": "\"v=spf1 include:_spf.mx.cloudflare.net ~all\"",
            "type": "TXT",
            "ttl": 1
        }
    ],
    "success": true,
    "errors": [],
    "messages": []
}

## Étape 2f — Ajout des enregistrements MX + DKIM générés par Cloudflare (POST dns_records, valeurs verbatim de 2e)
### MX route1 (prio 70) -> HTTP 400
{"success": false, "id": null, "name": null, "type": null, "content": "...", "priority": null, "errors": [{"code": 890190, "message": "This zone is managed by Email Routing. Disable Email Routing to add/modify MX records."}]}
### MX route2 (prio 6) -> HTTP 400
{"success": false, "id": null, "name": null, "type": null, "content": "...", "priority": null, "errors": [{"code": 890190, "message": "This zone is managed by Email Routing. Disable Email Routing to add/modify MX records."}]}
### MX route3 (prio 57) -> HTTP 400
{"success": false, "id": null, "name": null, "type": null, "content": "...", "priority": null, "errors": [{"code": 890190, "message": "This zone is managed by Email Routing. Disable Email Routing to add/modify MX records."}]}
### DKIM TXT cf2024-1._domainkey -> HTTP 200
{"success": true, "id": "59f78ba3f8e2e85f595aea6138052fc6", "name": "cf2024-1._domainkey.francepassoire.com", "type": "TXT", "content": "v=DKIM1; h=sha256; k=rsa; p=MIIBIjANBgkqhkiG9w0BAQEFAAOCAQ8AMIIBCgKCAQEAiweykoi+...", "priority": null, "errors": []}

### 2g. Vérification MX/DKIM — réponse 400 code 890190 sur les MX = « This zone is managed by Email Routing » :
Cloudflare gère lui-même les MX du domaine dès que le routing est actif (pas d'entrée dns_records visible, résolution directe).

$ dig MX francepassoire.com +short @1.1.1.1
6 route2.mx.cloudflare.net.
57 route3.mx.cloudflare.net.
70 route1.mx.cloudflare.net.

$ dig TXT cf2024-1._domainkey.francepassoire.com +short @1.1.1.1 | cut -c1-120
"v=DKIM1; h=sha256; k=rsa; p=MIIBIjANBgkqhkiG9w0BAQEFAAOCAQ8AMIIBCgKCAQEAiweykoi+o48IOGuP7GR3X0MOExCUDY/BCRHoWBnh3rChl7W

### 2h. État routing après ajout DKIM : GET /zones/<id>/email/routing
HTTP_STATUS: 200
{"enabled": true, "status": "ready", "synced": true, "modified": "2026-08-20T20:24:10.482572Z"}

### 2i. GET /zones/<id>/email/routing/rules  (état initial des règles)
HTTP_STATUS: 200
{
    "result": [
        {
            "id": "fcdc704b71974bfb840fd9938a61f318",
            "tag": "fcdc704b71974bfb840fd9938a61f318",
            "name": "",
            "matchers": [
                {
                    "type": "all"
                }
            ],
            "actions": [
                {
                    "type": "drop"
                }
            ],
            "enabled": false,
            "priority": 2147483647,
            "source": "api"
        }
    ],
    "success": true,
    "errors": [],
    "messages": [],
    "result_info": {
        "page": 1,
        "per_page": 20,
        "count": 1,
        "total_count": 1
    }
}

### 2j. Tentative honnête de création de règle contact@ -> destination (POST rules)
Corps: matchers literal to=contact@francepassoire.com, action forward owner-placeholder@francepassoire.com (destination fictive documentée USER-ACTION)
HTTP_STATUS: 400
{
    "result": null,
    "success": false,
    "errors": [
        {
            "code": 2054,
            "message": "Destination address is not verified"
        }
    ],
    "messages": [
        {
            "code": 2054,
            "message": "Destination address is not verified"
        }
    ]
}

## Étape 3 — Sonde pré-vol send_email

### 3a. npx tsc --noEmit → 0 erreur ; dry-run → « env.SEND_EMAIL (contact@francepassoire.com)  Send Email », 1.80 KiB.

### 3b. Deploy avec CLOUDFLARE_API_TOKEN (le token ~/.config/francepassoire/cloudflare.token)

 ⛅️ wrangler 4.125.0
────────────────────
Total Upload: 1.80 KiB / gzip: 0.87 KiB
Worker Startup Time: 3 ms
Your Worker has access to the following bindings:
Binding                                          Resource        
env.SEND_EMAIL (contact@francepassoire.com)      Send Email      

Uploaded francepassoire-email-probe (2.72 sec)
Deployed francepassoire-email-probe triggers (2.40 sec)
  https://francepassoire-email-probe.t5hsrdmmmn.workers.dev
Current Version ID: bd6f398e-b50f-4960-9e63-792d7975fe53
exit_code=0

RÉSULTAT 3b: DEPLOY RÉUSSI (exit 0) — « Uploaded francepassoire-email-probe » / « Deployed triggers »
URL: https://francepassoire-email-probe.t5hsrdmmmn.workers.dev
Version: bd6f398e-b50f-4960-9e63-792d7975fe53
FAIT IMPORTANT: wrangler a ACCEPTÉ destination_address=contact@francepassoire.com au deploy
ALORS QU'AUCUNE destination vérifiée n'existe (cf. 2c/2j) — la contrainte historique ne s'applique PAS au déploiement.

### 3c. Déclenchement runtime (curl GET https://francepassoire-email-probe.t5hsrdmmmn.workers.dev)
HTTP_STATUS: 404
error code: 1042


curl → HTTP 404, body « error code: 1042 » — diagnostic :
### 3c-1. GET /accounts/8bf7b7311f17611f5b95f1f4e755f8e7/workers/subdomain
HTTP_STATUS: 200
{
  "result": {
    "subdomain": "t5hsrdmmmn"
  },
  "success": true,
  "errors": [],
  "messages": []
}

HTTP_STATUS: 200
{
  "result": {
    "enabled": true,
    "previews_enabled": true
  },
  "success": true,
  "errors": [],
  "messages": []
}


### 3d. Premier tir runtime : HTTP 500 « error code: 1101 » + wrangler tail :
  « ReferenceError: EmailMessage is not defined  at Object.fetch (index.js:22:21) »
  → L'API CLASSIQUE (classe globale EmailMessage + MIME brut) N'EXISTE PLUS au runtime 2026.
  → Réécriture de la sonde vers la forme objet {from, to, subject, text} de l'Email Service.

### 3e. Redéploiement (API token) + second tir runtime
NOTE tsc: le « tsc --noEmit » repo-wide échoue à cet instant sur src/lib/hub-view.ts (fichier de la lane sœur,
vagues parallèles, erreurs TS2322 RouteHub/props) — ZÉRO erreur dans workers/email-probe/ (il passait
avant l'édition sœur ; la sonde n'utilise plus aucun global ambiant).
Uploaded francepassoire-email-probe (4.99 sec)
Deployed francepassoire-email-probe triggers (2.46 sec)
  https://francepassoire-email-probe.t5hsrdmmmn.workers.dev
Current Version ID: 16634af2-2026-4aa3-9c91-36eb2cf0b182
HTTP_STATUS: 502
{"ok":false,"phase":"runtime.send","destination":"contact@francepassoire.com","envoyeA":"2026-08-20T20:31:32.285Z","constat":"binding.send refusé au runtime — message exact conservé tel quel (preuve brute)","erreur":"destination address is not a verified address"}

TRANSCRIPT SONDE (résumé complet) :
  1. dry-run                    → binding SEND_EMAIL (contact@francepassoire.com) validé, 1.80 KiB.
  2. deploy v1 (API token)      → exit 0, version bd6f398e-b50f-4960-9e63-792d7975fe53.
     FAIT: wrangler N'IMPOSE PAS de destination vérifiée au deploy (aucun refus).
  3. curl tir 1                 → 404 error 1042 (propagation, transitoire) puis 500 error 1101.
  4. wrangler tail              → « ReferenceError: EmailMessage is not defined at Object.fetch (index.js:22:21) »
     → L'API CLASSIQUE (classe globale EmailMessage, MIME brut) A DISPARU du runtime 2026.
  5. réécriture objet {from,to,subject,text} + deploy v2 → exit 0, version 16634af2-2026-4aa3-9c91-36eb2cf0b182.
  6. curl tir 2                 → HTTP 502 JSON ok:false, erreur EXACTE :
     « destination address is not a verified address »
     → La contrainte historique est TOUJOURS EN VIGUEUR, appliquée au RUNTIME (.send), pas au deploy.

DISPOSITION DU WORKER SONDE : CONSERVÉ (décision documentée).
  - Il ne fait rien d'autre qu'un GET → 1 tentative d'envoi ; aucun secret, aucune D1, aucun cron.
  - Il sert de surface de RE-TEST après l'USER-ACTION : quand une destination sera vérifiée et la règle
    contact@ câblée, re-curler l'URL donnera le verdict end-to-end sans nouveau déploiement.

## Tableau DNS final (GET dns_records + dig, 20:32:19Z)
  CNAME francepassoire.com                     -> francepassoire.pages.dev  (id d7f181f5…)
  CNAME www.francepassoire.com                 -> francepassoire.pages.dev  (id 096d0425…)
  MX    francepassoire.com                     -> route3.mx.cloudflare.net prio 57  (id e0db396d…)
  MX    francepassoire.com                     -> route2.mx.cloudflare.net prio 6  (id 5f7cf48f…)
  MX    francepassoire.com                     -> route1.mx.cloudflare.net prio 70  (id 685c832d…)
  TXT   cf2024-1._domainkey.francepassoire.com -> v=DKIM1; h=sha256; k=rsa; p=MIIBIjANBgkqhkiG9w0BAQEFAAOCAQ8AMIIBCgKCAQ  (id 59f78ba3…)
  TXT   cf2024-1._domainkey.francepassoire.com -> "v=DKIM1; h=sha256; k=rsa; p=MIIBIjANBgkqhkiG9w0BAQEFAAOCAQ8AMIIBCgKCA  (id f5a58eae…)
  TXT   _dmarc.francepassoire.com              -> "v=DMARC1; p=none; rua=mailto:1d842ca105a84ccf97e104031da3e74c@dmarc-r  (id 07789768…)
  TXT   francepassoire.com                     -> v=spf1 include:_spf.mx.cloudflare.net ~all  (id 8c27b99a…)
  (MX gérés par Email Routing — visibles au dig, pas dans dns_records : erreur 890190 confirmée)

## VERDICT PRÉ-VOL — PENDING (USER-ACTION : destination vérifiée)
  PASS  : SPF/DMARC/MX/DKIM publiés et vérifiés au dig ; routing ENABLED status=ready synced=true.
  PASS  : deploy d'un worker avec binding send_email (aucune barrière de vérification au deploy).
  FAIL/ : envoi réel REFUSÉ au runtime — « destination address is not a verified address ».
  FAIT  : l'API EmailMessage classique N'EXISTE PLUS — T30/T31 DOIVENT utiliser la forme objet.
  CONSÉQUENCE GOUVERNANCE : T30/T31 peuvent coder sur l'API objet confirmée, mais AUCUN envoi
  réel (donc aucune validation e2e d'alerte) n'est possible avant que le propriétaire ajoute et
  vérifie son adresse de réception (USER-ACTION, docs/email-infra.md). Le gate e2e reste fermé.

## Étape 4 — Hygiène DNS post-routing (2 anomalies détectées au tableau final)

### 4a. DKIM en DOUBLON :
  - f5a58eae (20:24:10, contenu quoté) = enregistrement AUTO-PUBLIÉ par Cloudflare à l'instant
    exact du passage synced=true (20:24:10.482) — GARDÉ (géré par Cloudflare).
  - 59f78ba3 (20:24:43, non quoté) = MA création manuelle, redondante (Cloudflare avait déjà
    publié la même clé) → SUPPRESSION de la mienne (nettoyage de mon propre artefact, les
    CNAME d'origine restent intouchés).

### 4b. DELETE /dns_records/59f78ba3f8e2e85f595aea6138052fc6
HTTP_STATUS: 200
{"result":{"id":"59f78ba3f8e2e85f595aea6138052fc6"},"success":true,"errors":[],"messages":[]}

### 4c. DMARC réécrit par Cloudflare (même id 07789768…, modified 20:30:49) :
$ GET dns_records/0778976869d9cee0ffa5187f8e6b39e63 (contenu complet) — via filtre :
  content: "v=DMARC1; p=none; rua=mailto:1d842ca105a84ccf97e104031da3e74c@dmarc-reports.cloudflare.net,mailto:dmarc@francepassoire.com; adkim=s; aspf=s"
  → Cloudflare DMARC Management a PRÉFIXÉ son propre rua (dmarc-reports.cloudflare.net) et
    CONSERVÉ le nôtre (mailto:dmarc@francepassoire.com) + p=none/adkim=s/aspf=s intacts.
  DÉCISION (documentée) : on GARDE la réécriture — rapports agrégés offerts dans le dashboard
  Cloudflare, et dmarc@ reste destinataire secondaire dès que sa règle existera.

### 4d. Re-vérification dig finale
$ dig TXT cf2024-1._domainkey.francepassoire.com +short @1.1.1.1 | wc -l   (attendu: 1)
       1
$ dig TXT cf2024-1._domainkey.francepassoire.com +short @1.1.1.1 | cut -c1-60
"v=DKIM1; h=sha256; k=rsa; p=MIIBIjANBgkqhkiG9w0BAQEFAAOCAQ8
$ dig TXT _dmarc.francepassoire.com +short @1.1.1.1
"v=DMARC1; p=none; rua=mailto:1d842ca105a84ccf97e104031da3e74c@dmarc-reports.cloudflare.net,mailto:dmarc@francepassoire.com; adkim=s; aspf=s"

FIN DNS : 2 CNAME (intacts) + 3 MX (dig) + 1 DKIM (unique, géré Cloudflare) + SPF + DMARC(réécrit).
USER-ACTION: Web Analytics enabled via dashboard (confirmed by user 20/08 ~23:00). Token lacks zone.analytics:read for GraphQL verification — T50 verifies via dashboard or scoped token. DMARC: user reports done; _dmarc dig currently empty — T29 worker (running) will GET-first and reconcile; final state at T29 verification.
