TASK 42 — Wave 6 — Production legal pages + zero-dead-links sweep
Date : 21 août 2026 · Branche : main (pas de push) · Production LIVE inchangée (aucun déploiement)

═══════════════════════════════════════════════════════════════════
1. LIVRABLES
═══════════════════════════════════════════════════════════════════

Footer.astro
  + Lien « Flux RSS » → /feed.xml (réajouté — T2 l'avait omis, plan T42 le réclamait)
  + Ligne basse : « Hébergé en France · Sans traceur publicitaire · Données ouvertes (CC-BY) »
    → « Sans traceur publicitaire · Données ouvertes (CC-BY 4.0) »
    (contradiction T3 résolue : l'hébergeur est Cloudflare, Inc. — San Francisco, cf. mentions)

mentions-legales.astro (mise à jour prod)
  + Carte « Données ouvertes et registre public » : catalogue CC-BY 4.0
    (/dataset/catalogue.json, licence /dataset/LICENSE — métadonnées publiques uniquement),
    registre public chaîné /registre.jsonl + engagement d'intégrité Ton A (factuel sec) :
    « chaque ligne porte l'empreinte de la précédente : toute modification rétroactive
    casse la chaîne et devient détectable. »
  + « Propriété intellectuelle » : forme définitive (le dataset EST publié — l'ancien
    « dès sa publication » supprimé), lien direct /dataset/LICENSE
  + Directeur de la publication : formulation honnête conservée tel quel (nom légal
    = USER-ACTION toujours en attente — voir Risques)

confidentialite.astro (mise à jour prod)
  + Carte « Mesure d'audience sans cookie » : Cloudflare Web Analytics, sans cookie
    ni identifiant persistant, stats agrégées, hors consentement (activée zone T6)
  + Carte « Les fiches : des métadonnées publiques, jamais de données volées » :
    périmètre open-data public + invariant art. 323-1/323-3 code pénal + lien registre
  + « Polices du site » : réécrites — auto-hébergées depuis T45 (OFL 1.1), plus aucune
    requête tiers (l'ancien texte Google Fonts était devenu faux)
  + « Liens externes » : mention Google retirée (plus aucune requête Google Fonts),
    exemples HaveIBeenPwned + cloudflare.com

═══════════════════════════════════════════════════════════════════
2. DÉCOUVERTE MAJEURE DU SWEEP — 160 LIENS MORTS EN PRODUCTION (corrigés)
═══════════════════════════════════════════════════════════════════

Le premier passage du link-sweep a révélé un défaut de production préexistant :
les hubs (chiffres, secteur/*, entite/*, donnees/*, 20xx, feed.xml) généraient des
liens /fuite/<slug>/ alors que la route servie est /fiche/<slug>/ (cf. sitemap et
canoniques de production). Sur francepassoire.com, /fuite/... renvoyait la page
d'accueil via le fallback SPA de Cloudflare Pages (soft-404, HTTP 200 constaté) :
chaque clic « voir la fiche » depuis un hub aterrissait sur l'accueil, et les 31
items du flux RSS (link + guid isPermaLink) pointaient sur ce soft-404.

Correctifs (minimaux, cause racine) :
  src/lib/hub-view.ts:155            /fuite/${slug}/ → /fiche/${slug}/
  src/pages/entite/[slug].astro:136  idem
  src/lib/opendata.ts ficheUrl()     /fuite/ → /fiche/ (flux RSS <link>/<guid>)
                                     + docstring documentant la divergence avec
                                     l'identifiant interne ficheSlug (/fuite/, inchangé)
  public/_redirects (nouveau)        /fuite/:slug/ → /fiche/:slug/ 301
                                     (rattrape les URLs déjà publiées : items RSS déjà
                                     ingérés, posts réseaux sociaux T37-41)
  Commentaires hub (donnees/secteur/[yyyy]) « lien /fuite/ » → « lien /fiche/ »

Vérifié sur production AVANT correctif (curl 2026-08-20 22:12 UTC) :
  /fiche/alaxione-20260820/ → 200 + canonical /fiche/  (bonne route)
  /fuite/alaxione-20260820/ → 200 + canonical /        (soft-404, page d'accueil)
Le _redirects ne prendra effet qu'au prochain déploiement (hors périmètre T42, pas
de push/deploy — voir Risques).

═══════════════════════════════════════════════════════════════════
3. scripts/link-sweep.mjs (nouveau, zéro dépendance)
═══════════════════════════════════════════════════════════════════

  - Crawl tous les href internes de dist/**/*.html (nav, footer, corps ; les blocs
    <script>/<style> sont retirés avant scan — les îlots Astro embarquent des
    chaînes href="…" en JS, faux positifs), résolution contre dist/ (index.html,
    .html, ancres #id validées contre les id de la page/cible, chemins relatifs).
  - Sortie 1 en nommant tout lien interne mort, href="#" ou ancre inexistante.
  - Sonde les URLs externes (HEAD, repli GET, UA navigateur, concurrence 6) et
    RAPPORTE leur statut — ⚠ ne fait pas échouer (429 = rate-limit annuaire
    data.gouv.fr ; 403 = WAF presse : frenchbreaches, cnews, interieur.gouv.fr).

═══════════════════════════════════════════════════════════════════
4. QA — PREUVES
═══════════════════════════════════════════════════════════════════

npm test            → 26 fichiers, 342/342 tests OK (2,53 s)
npm run build       → 86 pages, exit 0
node scripts/link-sweep.mjs
  ✓ 86 pages · 2226 liens internes vérifiés · 0 lien mort · 0 href="#"
  ✓ 128/136 URLs externes joignables (HEAD, repli GET) — 8 ⚠ : 429 annuaire
    data.gouv.fr (rate-limit sonde, 200 confirmés sur les autres fiches du même
    domaine) + 403 WAF (frenchbreaches ×2, cnews, interieur.gouv.fr) — à vérifier
    en navigateur, ne sont pas des liens morts avérés
grep -rn 'href="#"' dist/ --include="*.html"           → 0
grep -rn 'Hébergé en France' dist/ src/                → 0
grep 'href="/fuite/' dist/ --include="*.html"          → 0
grep -c '/fuite/' dist/feed.xml                        → 0 (31 liens /fiche/)
grep fonts.googleapis dist/ (après fix embed)          → 0

Bonus cause-racine (rend la page confidentialité pleinement véridique) :
  src/pages/embed/compteur.astro chargeait Spline Sans Mono depuis Google Fonts
  (contredisait T45 + la page confidentialité) → @font-face locaux
  /fonts/spline-sans-mono-var-wght-latin{,-ext}.woff2 ; 0 requête tiers restante.

astro preview :4322 (curl) →
  /mentions-legales/ 200 · /confidentialite/ 200 · / 200 · /feed.xml 200
  /dataset/LICENSE 200 · /dataset/catalogue.json 200 · /registre.jsonl 200
  /fiche/alaxione-20260820/ 200 · /embed/compteur/ 200
  mentions contiennent : CC-BY 4.0 ×6 · registre.jsonl ×2 · chaîné ×1
  confidentialité contient : sans cookie ×6 · Cloudflare Web Analytics ×1 ·
    323-1 ×1 · auto-héberg ×4

═══════════════════════════════════════════════════════════════════
5. RISQUES / ACTIONS RESTANTES
═══════════════════════════════════════════════════════════════════

  R1 (USER-ACTION, héritée T3) : nom légal du directeur de la publication
      toujours absent des mentions — formulation honnête conservée ; à renseigner
      dès que le propriétaire fournit son nom légal.
  R2 (déploiement) : les correctifs /fuite/→/fiche/ + _redirects ne sont pas
      encore en ligne (aucun push/deploy autorisé dans T42). Jusqu'au prochain
      déploiement, les hubs en production continuent de servir des liens /fuite/
      soft-404. Déployer dist dès que possible.
  R3 (mineur) : 4 ⚠ externes 403 (WAF) + 429 (rate-limit) — vérification humaine
      en navigateur recommandée ; aucun lien mort avéré.
